// Jest Snapshot v1, https://goo.gl/fbAQLP

exports[`Home snapshot 1`] = `
<div
  className="home-section"
>
  <h4
    className="sentence"
  >
    "Since you are not experienced in things of the world
    <br />
    all things that have some difficulty seem impossible to you.
    <br />
    Trust in time, which usually gives sweet solutions to many bitter difficulties"
  </h4>
  <p
    className="author"
  >
     - DON QUIJOTE 
  </p>
</div>
`;
